---
# Cop supports --autocorrect.
RSpec/SpecifyExpected:
  Details: grace period
  Exclude:
    - 'ee/spec/controllers/groups/analytics/repository_analytics_controller_spec.rb'
    - 'ee/spec/graphql/ee/types/branch_protection_type_spec.rb'
    - 'ee/spec/graphql/ee/types/branch_protections/merge_access_level_type_spec.rb'
    - 'ee/spec/graphql/ee/types/branch_protections/push_access_level_type_spec.rb'
    - 'ee/spec/graphql/ee/types/branch_protections/unprotect_access_level_type_spec.rb'
    - 'ee/spec/graphql/mutations/boards/epic_boards/create_spec.rb'
    - 'ee/spec/graphql/mutations/boards/epic_boards/update_spec.rb'
    - 'ee/spec/lib/code_suggestions/instructions_extractor_spec.rb'
    - 'ee/spec/lib/ee/sidebars/projects/menus/analytics_menu_spec.rb'
    - 'ee/spec/lib/ee/sidebars/projects/menus/settings_menu_spec.rb'
    - 'ee/spec/lib/sidebars/groups/menus/analytics_menu_spec.rb'
    - 'ee/spec/lib/sidebars/groups/menus/epics_menu_spec.rb'
    - 'ee/spec/lib/sidebars/groups/menus/security_compliance_menu_spec.rb'
    - 'ee/spec/lib/sidebars/groups/menus/wiki_menu_spec.rb'
    - 'ee/spec/models/ee/users/merge_request_interaction_spec.rb'
    - 'ee/spec/services/security/security_orchestration_policies/update_violations_service_spec.rb'
    - 'spec/finders/ci/freeze_periods_finder_spec.rb'
    - 'spec/finders/groups/user_groups_finder_spec.rb'
    - 'spec/graphql/resolvers/users/groups_resolver_spec.rb'
    - 'spec/graphql/types/access_levels/deploy_key_type_spec.rb'
    - 'spec/graphql/types/branch_protections/merge_access_level_type_spec.rb'
    - 'spec/graphql/types/branch_protections/push_access_level_type_spec.rb'
    - 'spec/graphql/types/branch_rules/branch_protection_type_spec.rb'
    - 'spec/lib/banzai/filter/references/design_reference_filter_spec.rb'
    - 'spec/lib/gitlab/color_spec.rb'
    - 'spec/lib/sidebars/admin/menus/monitoring_menu_spec.rb'
    - 'spec/lib/sidebars/groups/menus/ci_cd_menu_spec.rb'
    - 'spec/lib/sidebars/groups/menus/group_information_menu_spec.rb'
    - 'spec/lib/sidebars/groups/menus/issues_menu_spec.rb'
    - 'spec/lib/sidebars/groups/menus/scope_menu_spec.rb'
    - 'spec/lib/sidebars/groups/menus/settings_menu_spec.rb'
    - 'spec/lib/sidebars/projects/menus/analytics_menu_spec.rb'
    - 'spec/lib/sidebars/projects/menus/deployments_menu_spec.rb'
    - 'spec/lib/sidebars/projects/menus/hidden_menu_spec.rb'
    - 'spec/lib/sidebars/projects/menus/infrastructure_menu_spec.rb'
    - 'spec/lib/sidebars/projects/menus/monitor_menu_spec.rb'
    - 'spec/lib/sidebars/projects/menus/project_information_menu_spec.rb'
    - 'spec/lib/sidebars/projects/menus/scope_menu_spec.rb'
    - 'spec/lib/sidebars/projects/menus/settings_menu_spec.rb'
    - 'spec/models/application_setting_spec.rb'
    - 'spec/models/concerns/subquery_spec.rb'
    - 'spec/models/integrations/jira_tracker_data_spec.rb'
    - 'spec/models/issue_spec.rb'
    - 'spec/models/project_spec.rb'
    - 'spec/models/user_spec.rb'
    - 'spec/policies/group_policy_spec.rb'
    - 'spec/policies/merge_request_policy_spec.rb'
    - 'spec/policies/project_policy_spec.rb'
    - 'spec/requests/api/graphql/current_user/groups_query_spec.rb'
