// Jest Snapshot v1, https://goo.gl/fbAQLP

exports[`Merge request dashboard merge request component renders template 1`] = `
<div
  class="gl-bg-white gl-p-5 gl-rounded-base"
>
  <div
    class="gl-display-flex"
  >
    <div
      class="gl-display-flex gl-flex-direction-column"
    >
      <h4
        class="gl-font-base gl-mb-0 gl-mt-0"
      >
        <gl-link-stub
          class="gl-hover-text-gray-900 gl-text-body"
        >
          Merge request title
        </gl-link-stub>
      </h4>
      <div
        class="gl-font-sm gl-mt-2 gl-text-secondary"
      >
        <gl-sprintf-stub
          message="%{reference} %{divider} created %{createdAt} by %{author} %{milestone}"
        />
      </div>
    </div>
    <div
      class="gl-display-flex gl-flex-direction-column gl-ml-auto"
    >
      <ul
        class="gl-display-flex gl-justify-content-end gl-list-none gl-m-0 gl-p-0"
      >
        <li
          class="gl-ml-4"
        >
          <user-avatar-link-stub
            imgalt=""
            imgcssclasses=""
            imgcsswrapperclasses=""
            imgsize="24"
            imgsrc=""
            linkhref="https://gitlab.com/root"
            popoveruserid=""
            popoverusername=""
            tooltipplacement="top"
            tooltiptext="Assigned to John Smith"
            username=""
          />
        </li>
        <li
          class="gl-ml-4"
        >
          <user-avatar-link-stub
            class="gl-mr-2"
            imgalt=""
            imgcssclasses=""
            imgcsswrapperclasses=""
            imgsize="24"
            imgsrc=""
            linkhref="https://gitlab.com/root"
            popoveruserid=""
            popoverusername=""
            tooltipplacement="top"
            tooltiptext="Review requested John Smith"
            username=""
          />
          <user-avatar-link-stub
            imgalt=""
            imgcssclasses=""
            imgcsswrapperclasses=""
            imgsize="24"
            imgsrc=""
            linkhref="https://gitlab.com/root"
            popoveruserid=""
            popoverusername=""
            tooltipplacement="top"
            tooltiptext="Review requested John Smith"
            username=""
          />
        </li>
        <li
          class="gl-align-self-center gl-ml-4"
        >
          <gl-icon-stub
            class="!gl-align-middle"
            name="comments"
            size="16"
          />
          5
        </li>
      </ul>
      <div
        class="gl-font-sm gl-mt-2 gl-text-right gl-text-secondary"
      >
        <gl-sprintf-stub
          message="Updated at %{updatedAt}"
        />
      </div>
    </div>
  </div>
  <div>
    <gl-label-stub
      backgroundcolor="#428BCA"
      class="gl-mr-2"
      description="Label description"
      size="sm"
      target=""
      title="Deliverable"
      tooltipplacement="top"
    />
  </div>
</div>
`;
