// Jest Snapshot v1, https://goo.gl/fbAQLP

exports[`Experiment badge component renders the badge 1`] = `
<div>
  <a
    class="badge badge-neutral badge-pill gl-badge gl-cursor-pointer"
    href="#"
    target="_self"
  >
    <span
      class="gl-badge-content"
    >
      Experiment
    </span>
  </a>
  <div
    class="gl-popover"
  >
    <p>
      An experiment is not yet production-ready, but is released for initial testing and feedback during development.
    </p>
    <p
      class="gl-mb-0"
    >
      Experiments:
    </p>
    <ul
      class="gl-pl-4"
    >
      <li>
        Might be unstable or cause data loss.
      </li>
      <li>
        Are not supported and might not be documented.
      </li>
      <li>
        Could be changed or removed at any time.
      </li>
      <li>
        Are subject to the GitLab Testing Agreement.
      </li>
    </ul>
  </div>
</div>
`;
