// Jest Snapshot v1, https://goo.gl/fbAQLP

exports[`Diffs tree list component pinned file files in folders pins 1.rb file 1`] = `
Array [
  "📁folder/",
  "──1.rb",
  "📁folder",
  "──📁sub-folder",
  "────nested-1.rb",
  "────nested-2.rb",
  "────nested-3.rb",
  "──2.rb",
  "──3.rb",
  "📁folder-single",
  "──single.rb",
  "root-first.rb",
  "root-last.rb",
]
`;

exports[`Diffs tree list component pinned file files in folders pins 2.rb file 1`] = `
Array [
  "📁folder/",
  "──2.rb",
  "📁folder",
  "──📁sub-folder",
  "────nested-1.rb",
  "────nested-2.rb",
  "────nested-3.rb",
  "──1.rb",
  "──3.rb",
  "📁folder-single",
  "──single.rb",
  "root-first.rb",
  "root-last.rb",
]
`;

exports[`Diffs tree list component pinned file files in folders pins 3.rb file 1`] = `
Array [
  "📁folder/",
  "──3.rb",
  "📁folder",
  "──📁sub-folder",
  "────nested-1.rb",
  "────nested-2.rb",
  "────nested-3.rb",
  "──1.rb",
  "──2.rb",
  "📁folder-single",
  "──single.rb",
  "root-first.rb",
  "root-last.rb",
]
`;

exports[`Diffs tree list component pinned file files in folders pins nested-1.rb file 1`] = `
Array [
  "📁folder/sub-folder/",
  "──nested-1.rb",
  "📁folder",
  "──📁sub-folder",
  "────nested-2.rb",
  "────nested-3.rb",
  "──1.rb",
  "──2.rb",
  "──3.rb",
  "📁folder-single",
  "──single.rb",
  "root-first.rb",
  "root-last.rb",
]
`;

exports[`Diffs tree list component pinned file files in folders pins nested-2.rb file 1`] = `
Array [
  "📁folder/sub-folder/",
  "──nested-2.rb",
  "📁folder",
  "──📁sub-folder",
  "────nested-1.rb",
  "────nested-3.rb",
  "──1.rb",
  "──2.rb",
  "──3.rb",
  "📁folder-single",
  "──single.rb",
  "root-first.rb",
  "root-last.rb",
]
`;

exports[`Diffs tree list component pinned file files in folders pins nested-3.rb file 1`] = `
Array [
  "📁folder/sub-folder/",
  "──nested-3.rb",
  "📁folder",
  "──📁sub-folder",
  "────nested-1.rb",
  "────nested-2.rb",
  "──1.rb",
  "──2.rb",
  "──3.rb",
  "📁folder-single",
  "──single.rb",
  "root-first.rb",
  "root-last.rb",
]
`;

exports[`Diffs tree list component pinned file files in folders pins root-first.rb file 1`] = `
Array [
  "root-first.rb",
  "📁folder",
  "──📁sub-folder",
  "────nested-1.rb",
  "────nested-2.rb",
  "────nested-3.rb",
  "──1.rb",
  "──2.rb",
  "──3.rb",
  "📁folder-single",
  "──single.rb",
  "root-last.rb",
]
`;

exports[`Diffs tree list component pinned file files in folders pins root-last.rb file 1`] = `
Array [
  "root-last.rb",
  "📁folder",
  "──📁sub-folder",
  "────nested-1.rb",
  "────nested-2.rb",
  "────nested-3.rb",
  "──1.rb",
  "──2.rb",
  "──3.rb",
  "📁folder-single",
  "──single.rb",
  "root-first.rb",
]
`;

exports[`Diffs tree list component pinned file files in folders pins single.rb file 1`] = `
Array [
  "📁folder-single/",
  "──single.rb",
  "📁folder",
  "──📁sub-folder",
  "────nested-1.rb",
  "────nested-2.rb",
  "────nested-3.rb",
  "──1.rb",
  "──2.rb",
  "──3.rb",
  "root-first.rb",
  "root-last.rb",
]
`;
