// Jest Snapshot v1, https://goo.gl/fbAQLP

exports[`Comment templates list item component renders list item 1`] = `
<li
  class="gl-px-5! gl-py-4!"
>
  <div
    class="gl-display-flex"
  >
    <h6
      class="gl-mr-3 gl-my-0"
      data-testid="comment-template-name"
    >
      test
    </h6>
    <div
      class="gl-ml-auto"
    >
      <div
        class="gl-disclosure-dropdown gl-new-dropdown"
      >
        <button
          aria-controls="reference-1"
          aria-expanded="false"
          aria-labelledby="reference-0"
          class="btn btn-default btn-default-tertiary btn-icon btn-md gl-button gl-new-dropdown-icon-only gl-new-dropdown-toggle gl-new-dropdown-toggle-no-caret"
          data-testid="base-dropdown-toggle"
          id="reference-0"
          type="button"
        >
          <svg
            aria-hidden="true"
            class="gl-button-icon gl-fill-current gl-icon s16"
            data-testid="ellipsis_v-icon"
            role="img"
          >
            <use
              href="file-mock#ellipsis_v"
            />
          </svg>
          <span
            class="gl-button-text"
          >
            <span
              class="gl-new-dropdown-button-text gl-sr-only"
            >
              Comment template actions
            </span>
          </span>
        </button>
        <div
          class="gl-new-dropdown-panel gl-w-31!"
          data-testid="base-dropdown-menu"
          id="reference-1"
        >
          <div
            class="gl-new-dropdown-inner"
          >
            <ul
              aria-labelledby="reference-0"
              class="gl-new-dropdown-contents"
              data-testid="disclosure-content"
              id="reference-2"
              tabindex="-1"
            >
              <li
                class="gl-new-dropdown-item"
                data-testid="disclosure-dropdown-item"
                tabindex="0"
              >
                <button
                  class="gl-new-dropdown-item-content"
                  data-testid="comment-template-edit-btn"
                  tabindex="-1"
                  type="button"
                >
                  <span
                    class="gl-new-dropdown-item-text-wrapper"
                  >
                    Edit
                  </span>
                </button>
              </li>
              <li
                class="gl-new-dropdown-item"
                data-testid="disclosure-dropdown-item"
                tabindex="0"
              >
                <button
                  class="gl-new-dropdown-item-content gl-text-red-500!"
                  data-testid="comment-template-delete-btn"
                  tabindex="-1"
                  type="button"
                >
                  <span
                    class="gl-new-dropdown-item-text-wrapper"
                  >
                    Delete
                  </span>
                </button>
              </li>
            </ul>
          </div>
        </div>
      </div>
      <div
        class="gl-tooltip"
      >
        Comment template actions
      </div>
    </div>
  </div>
  <div
    class="-gl-mt-5 gl-font-monospace gl-font-sm gl-whitespace-pre-line"
  >
    /assign_reviewer
  </div>
</li>
`;
