// Jest Snapshot v1, https://goo.gl/fbAQLP

exports[`GroupItemName template matches the snapshot 1`] = `
<div
  class="gl-align-items-center gl-display-flex"
>
  <gl-icon-stub
    class="gl-mr-3"
    name="folder-o"
    size="16"
  />
  <div
    class="gl-display-none gl-flex-shrink-0 gl-mr-3 gl-sm-display-flex"
  >
    <gl-avatar-stub
      alt="avatar"
      entityid="0"
      entityname="Gitlab Org"
      shape="rect"
      size="32"
      src="avatar.png"
    />
  </div>
  <div>
    <span
      class="gl-font-weight-bold gl-mr-3 gl-text-gray-900!"
    >
      Gitlab Org
    </span>
    <div>
      <p
        class="gl-mb-0 gl-mt-2! gl-text-gray-600"
      >
        Open source software to collaborate on code
      </p>
    </div>
  </div>
</div>
`;
