// Jest Snapshot v1, https://goo.gl/fbAQLP

exports[`Design management toolbar component renders design and updated data 1`] = `
<header
  class="gl-bg-white gl-border-b gl-display-flex gl-flex-direction-column gl-justify-content-space-between gl-max-w-full gl-md-align-items-center gl-md-flex-direction-row gl-pl-5 gl-py-4 js-design-header"
>
  <div
    class="gl-align-items-center gl-display-flex gl-flex-direction-row gl-mb-3 gl-md-mb-0 gl-overflow-hidden"
  >
    <div
      class="gl-display-flex gl-mr-3 gl-overflow-hidden"
    >
      <h2
        class="gl-align-items-center gl-display-flex gl-font-base gl-m-0 gl-overflow-hidden"
      >
        <span
          class="gl-text-decoration-none gl-text-gray-900 gl-text-truncate"
        >
          My precious issue
        </span>
        <gl-icon-stub
          class="gl-flex-shrink-0 gl-text-gray-200"
          name="chevron-right"
          size="16"
          variant="current"
        />
        <span
          class="gl-font-normal gl-text-truncate"
        >
          test.jpg
        </span>
        <imported-badge-stub
          class="gl-ml-2"
          importabletype="design"
          size="sm"
        />
      </h2>
      <small
        class="gl-text-gray-500"
      >
        Updated 1 hour ago by Test Name
      </small>
    </div>
    <close-button-stub
      class="gl-ml-auto md:gl-hidden"
    />
  </div>
  <div
    class="gl-display-flex gl-flex-shrink-0 gl-md-flex-direction-row gl-md-ml-auto gl-mr-5"
  >
    <design-todo-button-stub
      class="gl-md-ml-3 gl-ml-0"
      design="[object Object]"
    />
    <gl-button-stub
      aria-label="Download design"
      buttontextclasses=""
      category="tertiary"
      class="gl-ml-2"
      href="/-/designs/306/7f747adcd4693afadbe968d7ba7d983349b9012d"
      icon="download"
      size="medium"
      title="Download design"
      variant="default"
    />
    <delete-button-stub
      buttoncategory="tertiary"
      buttonclass=""
      buttonicon="archive"
      buttonsize="medium"
      buttonvariant="default"
      class="gl-ml-2"
      hasselecteddesigns="true"
      title="Archive design"
    />
    <gl-button-stub
      aria-label="Show comments"
      buttontextclasses=""
      category="tertiary"
      class="gl-ml-2 gl-mr-6"
      data-testid="toggle-design-sidebar"
      icon="comments"
      size="medium"
      title="Show comments"
      variant="default"
    />
    <design-navigation-stub
      class="gl-ml-auto"
      id="reference-0"
    />
  </div>
  <close-button-stub
    class="gl-hidden md:gl-flex"
  />
</header>
`;
